02:33:08 **** Auto Build of configuration Debug for project axi4_gyro_test_0 ****
make pre-build main-build 
a9-linaro-pre-build-step
' '
'Building file: ../src/main.c'
'Invoking: ARM v7 gcc compiler'
arm-none-eabi-gcc -Wall -O0 -g3 -c -fmessage-length=0 -MT"src/main.o" -mcpu=cortex-a9 -mfpu=vfpv3 -mfloat-abi=hard -I../../axi4_gyro_test_0_bsp2/ps7_cortexa9_0/include -MMD -MP -MF"src/main.d" -MT"src/main.o" -o "src/main.o" "../src/main.c"
In file included from ../src/main.c:8:0:
../../axi4_gyro_test_0_bsp2/ps7_cortexa9_0/include/xbasic_types.h:115:2: warning: #warning The xbasics_type.h file is deprecated and users should use xil_types.h and xil_assert. [-Wcpp]
 #warning  The xbasics_type.h file is deprecated and users should use xil_types.h and xil_assert.
  ^~~~~~~
../../axi4_gyro_test_0_bsp2/ps7_cortexa9_0/include/xbasic_types.h:116:2: warning: #warning Please refer the Standalone BSP UG647 for further details [-Wcpp]
 #warning  Please refer the Standalone BSP UG647 for further details
  ^~~~~~~
../src/main.c:180:2: warning: #warning CHECK FOR THE VALID DDR ADDRESS IN XPARAMETERS.H, DEFAULT SET TO 0x01000000 [-Wcpp]
 #warning CHECK FOR THE VALID DDR ADDRESS IN XPARAMETERS.H, \
  ^~~~~~~
../src/main.c:257:17: warning: type defaults to 'int' in declaration of 'TxFifoData' [-Wimplicit-int]
 static volatile TxFifoData[WAVEFORM_DATA_ARRAY_SIZE];
                 ^~~~~~~~~~
../src/main.c: In function 'fillTxPacketBufferSineWave':
../src/main.c:1030:5: warning: unused variable 'Value' [-Wunused-variable]
  u8 Value;
     ^~~~~
../src/main.c:1029:12: warning: unused variable 'Value2' [-Wunused-variable]
  u8 Value1,Value2;
            ^~~~~~
../src/main.c:1029:5: warning: unused variable 'Value1' [-Wunused-variable]
  u8 Value1,Value2;
     ^~~~~~
../src/main.c:1028:6: warning: unused variable 'Index' [-Wunused-variable]
  int Index;
      ^~~~~
../src/main.c: In function 'generateSineWave':
../src/main.c:1053:26: warning: unused variable 'w' [-Wunused-variable]
   signed short int i, v, w;
                          ^
../src/main.c:1053:23: warning: unused variable 'v' [-Wunused-variable]
   signed short int i, v, w;
                       ^
../src/main.c:1052:25: warning: variable 'mult' set but not used [-Wunused-but-set-variable]
   double f, x, y, base, mult;
                         ^~~~
../src/main.c:1052:16: warning: unused variable 'y' [-Wunused-variable]
   double f, x, y, base, mult;
                ^
../src/main.c:1052:10: warning: variable 'f' set but not used [-Wunused-but-set-variable]
   double f, x, y, base, mult;
          ^
../src/main.c: In function 'sendDMApacket':
../src/main.c:9397:6: warning: unused variable 'Index' [-Wunused-variable]
  int Index;
      ^~~~~
../src/main.c: In function 'SaveData':
../src/main.c:9482:5: warning: variable 'Value' set but not used [-Wunused-but-set-variable]
  u8 Value;
     ^~~~~
../src/main.c: In function 'read_test_ADC_result':
../src/main.c:10742:15: warning: unused variable 'firstCalRegisterAddress' [-Wunused-variable]
  unsigned int firstCalRegisterAddress = 32;
               ^~~~~~~~~~~~~~~~~~~~~~~
../src/main.c: In function 'fill_testADC_results_array':
../src/main.c:10768:5: warning: unused variable 'firstSetup' [-Wunused-variable]
  u8 firstSetup = 1;
     ^~~~~~~~~~
At top level:
../src/main.c:1026:13: warning: 'fillTxPacketBufferSineWave' defined but not used [-Wunused-function]
 static void fillTxPacketBufferSineWave(int npoints, u8 *TxPacket){
             ^~~~~~~~~~~~~~~~~~~~~~~~~~
../src/main.c:805:12: warning: 'closeDMADevice' defined but not used [-Wunused-function]
 static int closeDMADevice(){
            ^~~~~~~~~~~~~~
../src/main.c:520:6: warning: 'setSPIControl' defined but not used [-Wunused-function]
 void setSPIControl(Xuint32 v){
      ^~~~~~~~~~~~~
../src/main.c:495:5: warning: 'setGyroTxFIFOLooping' defined but not used [-Wunused-function]
 int setGyroTxFIFOLooping(){
     ^~~~~~~~~~~~~~~~~~~~
../src/main.c:490:5: warning: 'resetGyroTxFIFOLooping' defined but not used [-Wunused-function]
 int resetGyroTxFIFOLooping(){
     ^~~~~~~~~~~~~~~~~~~~~~
../src/main.c: In function 'generateSineWave':
../src/main.c:1063:26: warning: 'x' may be used uninitialized in this function [-Wmaybe-uninitialized]
     emitDataToBuffer(i, x*((AMP)*1.0)+ (AMP*1.0));
                         ~^~~~~~~~~~~~
'Finished building: ../src/main.c'
' '
'Building target: axi4_gyro_test_0.elf'
'Invoking: ARM v7 gcc linker'
arm-none-eabi-gcc -mcpu=cortex-a9 -mfpu=vfpv3 -mfloat-abi=hard -Wl,-build-id=none -specs=Xilinx.spec -Wl,-T -Wl,../src/lscript.ld -L../../axi4_gyro_test_0_bsp2/ps7_cortexa9_0/lib -o "axi4_gyro_test_0.elf"  ./src/main.o ./src/platform.o   -Wl,--start-group,-lxil,-lgcc,-lc,--end-group
'Finished building target: axi4_gyro_test_0.elf'
' '
'Invoking: ARM v7 Print Size'
arm-none-eabi-size axi4_gyro_test_0.elf  |tee "axi4_gyro_test_0.elf.size"
   text	   data	    bss	    dec	    hex	filename
 316076	   4360	  35712	 356148	  56f34	axi4_gyro_test_0.elf
'Finished building: axi4_gyro_test_0.elf.size'
' '

02:33:17 Build Finished (took 9s.432ms)

