23:10:58 **** Incremental Build of configuration Debug for project axi4_gyro_test_0 ****
make pre-build main-build 
a9-linaro-pre-build-step
' '
make: Nothing to be done for `main-build'.
23:11:08 **** Incremental Build of configuration Debug for project axi4_gyro_test_0 ****
make pre-build main-build 
a9-linaro-pre-build-step
' '
make: Nothing to be done for `main-build'.
23:24:41 **** Incremental Build of configuration Debug for project axi4_gyro_test_0 ****
make pre-build main-build 
a9-linaro-pre-build-step
' '
make: Nothing to be done for `main-build'.
23:34:45 **** Incremental Build of configuration Debug for project axi4_gyro_test_0 ****
make pre-build main-build 
a9-linaro-pre-build-step
' '
make: Nothing to be done for `main-build'.
23:40:08 **** Incremental Build of configuration Debug for project axi4_gyro_test_0 ****
make pre-build main-build 
a9-linaro-pre-build-step
' '
make: Nothing to be done for `main-build'.
23:48:56 **** Incremental Build of configuration Debug for project axi4_gyro_test_0 ****
make pre-build main-build 
a9-linaro-pre-build-step
' '
make: Nothing to be done for `main-build'.
23:51:19 **** Incremental Build of configuration Debug for project axi4_gyro_test_0 ****
make pre-build main-build 
a9-linaro-pre-build-step
' '
make: Nothing to be done for `main-build'.
00:05:49 **** Auto Build of configuration Debug for project axi4_gyro_test_0 ****
make pre-build main-build 
a9-linaro-pre-build-step
' '
'Building file: ../src/main.c'
'Invoking: ARM v7 gcc compiler'
arm-none-eabi-gcc -Wall -O0 -g3 -c -fmessage-length=0 -MT"src/main.o" -mcpu=cortex-a9 -mfpu=vfpv3 -mfloat-abi=hard -I../../standalone_bsp_0/ps7_cortexa9_0/include -MMD -MP -MF"src/main.d" -MT"src/main.o" -o "src/main.o" "../src/main.c"
In file included from ../src/main.c:6:0:
../../standalone_bsp_0/ps7_cortexa9_0/include/xbasic_types.h:115:2: warning: #warning The xbasics_type.h file is deprecated and users should use xil_types.h and xil_assert. [-Wcpp]
 #warning  The xbasics_type.h file is deprecated and users should use xil_types.h and xil_assert.
  ^~~~~~~
../../standalone_bsp_0/ps7_cortexa9_0/include/xbasic_types.h:116:2: warning: #warning Please refer the Standalone BSP UG647 for further details [-Wcpp]
 #warning  Please refer the Standalone BSP UG647 for further details
  ^~~~~~~
../src/main.c:172:2: warning: #warning CHECK FOR THE VALID DDR ADDRESS IN XPARAMETERS.H, DEFAULT SET TO 0x01000000 [-Wcpp]
 #warning CHECK FOR THE VALID DDR ADDRESS IN XPARAMETERS.H, \
  ^~~~~~~
../src/main.c: In function 'fillTxPacketBufferSineWave':
../src/main.c:999:5: warning: unused variable 'Value' [-Wunused-variable]
  u8 Value;
     ^~~~~
../src/main.c:998:12: warning: unused variable 'Value2' [-Wunused-variable]
  u8 Value1,Value2;
            ^~~~~~
../src/main.c:998:5: warning: unused variable 'Value1' [-Wunused-variable]
  u8 Value1,Value2;
     ^~~~~~
../src/main.c:997:6: warning: unused variable 'Index' [-Wunused-variable]
  int Index;
      ^~~~~
../src/main.c: In function 'generateSineWave':
../src/main.c:1022:26: warning: unused variable 'w' [-Wunused-variable]
   signed short int i, v, w;
                          ^
../src/main.c:1022:23: warning: unused variable 'v' [-Wunused-variable]
   signed short int i, v, w;
                       ^
../src/main.c:1021:25: warning: variable 'mult' set but not used [-Wunused-but-set-variable]
   double f, x, y, base, mult;
                         ^~~~
../src/main.c:1021:16: warning: unused variable 'y' [-Wunused-variable]
   double f, x, y, base, mult;
                ^
../src/main.c:1021:10: warning: variable 'f' set but not used [-Wunused-but-set-variable]
   double f, x, y, base, mult;
          ^
../src/main.c: In function 'fillTxPacketBuffer':
../src/main.c:181:25: warning: initialization makes pointer from integer without a cast [-Wint-conversion]
 #define TX_BUFFER_BASE  (MEM_BASE_ADDR + 0x00010000)
                         ^
../src/main.c:25691:20: note: in expansion of macro 'TX_BUFFER_BASE'
   u32 * TXbufPtr = TX_BUFFER_BASE;
                    ^~~~~~~~~~~~~~
../src/main.c:1093:7: warning: unused variable 'pattern4' [-Wunused-variable]
   u16 pattern4[4096];
       ^~~~~~~~
../src/main.c:1092:7: warning: unused variable 'pattern3' [-Wunused-variable]
   u16 pattern3[4096];
       ^~~~~~~~
../src/main.c: In function 'sendDMApacket':
../src/main.c:25752:6: warning: unused variable 'Index' [-Wunused-variable]
  int Index;
      ^~~~~
../src/main.c:25749:5: warning: variable 'Value' set but not used [-Wunused-but-set-variable]
  u8 Value;
     ^~~~~
../src/main.c: In function 'SaveData':
../src/main.c:25836:5: warning: variable 'Value' set but not used [-Wunused-but-set-variable]
  u8 Value;
     ^~~~~
../src/main.c: In function 'fill_testADC_results_array':
../src/main.c:27055:5: warning: unused variable 'firstSetup' [-Wunused-variable]
  u8 firstSetup = 1;
     ^~~~~~~~~~
At top level:
../src/main.c:996:13: warning: 'fillTxPacketBufferSineWave' defined but not used [-Wunused-function]
 static void fillTxPacketBufferSineWave(int npoints, u8 *TxPacket){
             ^~~~~~~~~~~~~~~~~~~~~~~~~~
../src/main.c:775:12: warning: 'closeDMADevice' defined but not used [-Wunused-function]
 static int closeDMADevice(){
            ^~~~~~~~~~~~~~
../src/main.c:490:6: warning: 'setSPIControl' defined but not used [-Wunused-function]
 void setSPIControl(Xuint32 v){
      ^~~~~~~~~~~~~
../src/main.c:465:5: warning: 'setGyroTxFIFOLooping' defined but not used [-Wunused-function]
 int setGyroTxFIFOLooping(){
     ^~~~~~~~~~~~~~~~~~~~
../src/main.c:460:5: warning: 'resetGyroTxFIFOLooping' defined but not used [-Wunused-function]
 int resetGyroTxFIFOLooping(){
     ^~~~~~~~~~~~~~~~~~~~~~
../src/main.c: In function 'generateSineWave':
../src/main.c:1032:26: warning: 'x' may be used uninitialized in this function [-Wmaybe-uninitialized]
     emitDataToBuffer(i, x*((AMP)*1.0)+ (AMP*1.0));
                         ~^~~~~~~~~~~~
'Finished building: ../src/main.c'
' '
'Building target: axi4_gyro_test_0.elf'
'Invoking: ARM v7 gcc linker'
arm-none-eabi-gcc -mcpu=cortex-a9 -mfpu=vfpv3 -mfloat-abi=hard -Wl,-build-id=none -specs=Xilinx.spec -Wl,-T -Wl,../src/lscript.ld -L../../standalone_bsp_0/ps7_cortexa9_0/lib -o "axi4_gyro_test_0.elf"  ./src/main.o ./src/platform.o   -Wl,--start-group,-lxil,-lgcc,-lc,--end-group
'Finished building target: axi4_gyro_test_0.elf'
' '
'Invoking: ARM v7 Print Size'
arm-none-eabi-size axi4_gyro_test_0.elf  |tee "axi4_gyro_test_0.elf.size"
   text	   data	    bss	    dec	    hex	filename
 213324	   4344	  31568	 249236	  3cd94	axi4_gyro_test_0.elf
'Finished building: axi4_gyro_test_0.elf.size'
' '
00:06:40 **** Incremental Build of configuration Debug for project axi4_gyro_test_0 ****
make pre-build main-build 
a9-linaro-pre-build-step
' '
make: Nothing to be done for `main-build'.
00:12:23 **** Incremental Build of configuration Debug for project axi4_gyro_test_0 ****
make pre-build main-build 
a9-linaro-pre-build-step
' '
make: Nothing to be done for `main-build'.
00:28:15 **** Auto Build of configuration Debug for project axi4_gyro_test_0 ****
make pre-build main-build 
a9-linaro-pre-build-step
' '
'Building file: ../src/main.c'
'Invoking: ARM v7 gcc compiler'
arm-none-eabi-gcc -Wall -O0 -g3 -c -fmessage-length=0 -MT"src/main.o" -mcpu=cortex-a9 -mfpu=vfpv3 -mfloat-abi=hard -I../../standalone_bsp_0/ps7_cortexa9_0/include -MMD -MP -MF"src/main.d" -MT"src/main.o" -o "src/main.o" "../src/main.c"
In file included from ../src/main.c:6:0:
../../standalone_bsp_0/ps7_cortexa9_0/include/xbasic_types.h:115:2: warning: #warning The xbasics_type.h file is deprecated and users should use xil_types.h and xil_assert. [-Wcpp]
 #warning  The xbasics_type.h file is deprecated and users should use xil_types.h and xil_assert.
  ^~~~~~~
../../standalone_bsp_0/ps7_cortexa9_0/include/xbasic_types.h:116:2: warning: #warning Please refer the Standalone BSP UG647 for further details [-Wcpp]
 #warning  Please refer the Standalone BSP UG647 for further details
  ^~~~~~~
../src/main.c:172:2: warning: #warning CHECK FOR THE VALID DDR ADDRESS IN XPARAMETERS.H, DEFAULT SET TO 0x01000000 [-Wcpp]
 #warning CHECK FOR THE VALID DDR ADDRESS IN XPARAMETERS.H, \
  ^~~~~~~
../src/main.c: In function 'fillTxPacketBufferSineWave':
../src/main.c:1002:5: warning: unused variable 'Value' [-Wunused-variable]
  u8 Value;
     ^~~~~
../src/main.c:1001:12: warning: unused variable 'Value2' [-Wunused-variable]
  u8 Value1,Value2;
            ^~~~~~
../src/main.c:1001:5: warning: unused variable 'Value1' [-Wunused-variable]
  u8 Value1,Value2;
     ^~~~~~
../src/main.c:1000:6: warning: unused variable 'Index' [-Wunused-variable]
  int Index;
      ^~~~~
../src/main.c: In function 'generateSineWave':
../src/main.c:1025:26: warning: unused variable 'w' [-Wunused-variable]
   signed short int i, v, w;
                          ^
../src/main.c:1025:23: warning: unused variable 'v' [-Wunused-variable]
   signed short int i, v, w;
                       ^
../src/main.c:1024:25: warning: variable 'mult' set but not used [-Wunused-but-set-variable]
   double f, x, y, base, mult;
                         ^~~~
../src/main.c:1024:16: warning: unused variable 'y' [-Wunused-variable]
   double f, x, y, base, mult;
                ^
../src/main.c:1024:10: warning: variable 'f' set but not used [-Wunused-but-set-variable]
   double f, x, y, base, mult;
          ^
../src/main.c: In function 'fillTxPacketBuffer':
../src/main.c:181:25: warning: initialization makes pointer from integer without a cast [-Wint-conversion]
 #define TX_BUFFER_BASE  (MEM_BASE_ADDR + 0x00010000)
                         ^
../src/main.c:25695:20: note: in expansion of macro 'TX_BUFFER_BASE'
   u32 * TXbufPtr = TX_BUFFER_BASE;
                    ^~~~~~~~~~~~~~
../src/main.c:25695:9: warning: unused variable 'TXbufPtr' [-Wunused-variable]
   u32 * TXbufPtr = TX_BUFFER_BASE;
         ^~~~~~~~
../src/main.c:1097:7: warning: unused variable 'pattern4' [-Wunused-variable]
   u16 pattern4[4096];
       ^~~~~~~~
../src/main.c:1096:7: warning: unused variable 'pattern3' [-Wunused-variable]
   u16 pattern3[4096];
       ^~~~~~~~
../src/main.c: In function 'sendDMApacket':
../src/main.c:25764:2: error: 'Value' undeclared (first use in this function); did you mean '_glue'?
  Value = 0x01;
  ^~~~~
  _glue
../src/main.c:25764:2: note: each undeclared identifier is reported only once for each function it appears in
../src/main.c:25756:6: warning: unused variable 'Index' [-Wunused-variable]
  int Index;
      ^~~~~
../src/main.c: In function 'SaveData':
../src/main.c:25841:5: warning: variable 'Value' set but not used [-Wunused-but-set-variable]
  u8 Value;
     ^~~~~
../src/main.c: In function 'fill_testADC_results_array':
../src/main.c:27060:5: warning: unused variable 'firstSetup' [-Wunused-variable]
  u8 firstSetup = 1;
     ^~~~~~~~~~
At top level:
../src/main.c:998:13: warning: 'fillTxPacketBufferSineWave' defined but not used [-Wunused-function]
 static void fillTxPacketBufferSineWave(int npoints, u8 *TxPacket){
             ^~~~~~~~~~~~~~~~~~~~~~~~~~
../src/main.c:777:12: warning: 'closeDMADevice' defined but not used [-Wunused-function]
 static int closeDMADevice(){
            ^~~~~~~~~~~~~~
../src/main.c:492:6: warning: 'setSPIControl' defined but not used [-Wunused-function]
 void setSPIControl(Xuint32 v){
      ^~~~~~~~~~~~~
../src/main.c:467:5: warning: 'setGyroTxFIFOLooping' defined but not used [-Wunused-function]
 int setGyroTxFIFOLooping(){
     ^~~~~~~~~~~~~~~~~~~~
../src/main.c:462:5: warning: 'resetGyroTxFIFOLooping' defined but not used [-Wunused-function]
 int resetGyroTxFIFOLooping(){
     ^~~~~~~~~~~~~~~~~~~~~~
make: *** [src/main.o] Error 1
00:29:01 **** Auto Build of configuration Debug for project axi4_gyro_test_0 ****
make pre-build main-build 
a9-linaro-pre-build-step
' '
'Building file: ../src/main.c'
'Invoking: ARM v7 gcc compiler'
arm-none-eabi-gcc -Wall -O0 -g3 -c -fmessage-length=0 -MT"src/main.o" -mcpu=cortex-a9 -mfpu=vfpv3 -mfloat-abi=hard -I../../standalone_bsp_0/ps7_cortexa9_0/include -MMD -MP -MF"src/main.d" -MT"src/main.o" -o "src/main.o" "../src/main.c"
In file included from ../src/main.c:6:0:
../../standalone_bsp_0/ps7_cortexa9_0/include/xbasic_types.h:115:2: warning: #warning The xbasics_type.h file is deprecated and users should use xil_types.h and xil_assert. [-Wcpp]
 #warning  The xbasics_type.h file is deprecated and users should use xil_types.h and xil_assert.
  ^~~~~~~
../../standalone_bsp_0/ps7_cortexa9_0/include/xbasic_types.h:116:2: warning: #warning Please refer the Standalone BSP UG647 for further details [-Wcpp]
 #warning  Please refer the Standalone BSP UG647 for further details
  ^~~~~~~
../src/main.c:172:2: warning: #warning CHECK FOR THE VALID DDR ADDRESS IN XPARAMETERS.H, DEFAULT SET TO 0x01000000 [-Wcpp]
 #warning CHECK FOR THE VALID DDR ADDRESS IN XPARAMETERS.H, \
  ^~~~~~~
../src/main.c: In function 'fillTxPacketBufferSineWave':
../src/main.c:1002:5: warning: unused variable 'Value' [-Wunused-variable]
  u8 Value;
     ^~~~~
../src/main.c:1001:12: warning: unused variable 'Value2' [-Wunused-variable]
  u8 Value1,Value2;
            ^~~~~~
../src/main.c:1001:5: warning: unused variable 'Value1' [-Wunused-variable]
  u8 Value1,Value2;
     ^~~~~~
../src/main.c:1000:6: warning: unused variable 'Index' [-Wunused-variable]
  int Index;
      ^~~~~
../src/main.c: In function 'generateSineWave':
../src/main.c:1025:26: warning: unused variable 'w' [-Wunused-variable]
   signed short int i, v, w;
                          ^
../src/main.c:1025:23: warning: unused variable 'v' [-Wunused-variable]
   signed short int i, v, w;
                       ^
../src/main.c:1024:25: warning: variable 'mult' set but not used [-Wunused-but-set-variable]
   double f, x, y, base, mult;
                         ^~~~
../src/main.c:1024:16: warning: unused variable 'y' [-Wunused-variable]
   double f, x, y, base, mult;
                ^
../src/main.c:1024:10: warning: variable 'f' set but not used [-Wunused-but-set-variable]
   double f, x, y, base, mult;
          ^
../src/main.c: In function 'fillTxPacketBuffer':
../src/main.c:181:25: warning: initialization makes pointer from integer without a cast [-Wint-conversion]
 #define TX_BUFFER_BASE  (MEM_BASE_ADDR + 0x00010000)
                         ^
../src/main.c:25695:20: note: in expansion of macro 'TX_BUFFER_BASE'
   u32 * TXbufPtr = TX_BUFFER_BASE;
                    ^~~~~~~~~~~~~~
../src/main.c:25695:9: warning: unused variable 'TXbufPtr' [-Wunused-variable]
   u32 * TXbufPtr = TX_BUFFER_BASE;
         ^~~~~~~~
../src/main.c:1097:7: warning: unused variable 'pattern4' [-Wunused-variable]
   u16 pattern4[4096];
       ^~~~~~~~
../src/main.c:1096:7: warning: unused variable 'pattern3' [-Wunused-variable]
   u16 pattern3[4096];
       ^~~~~~~~
../src/main.c: In function 'sendDMApacket':
../src/main.c:25756:6: warning: unused variable 'Index' [-Wunused-variable]
  int Index;
      ^~~~~
../src/main.c: In function 'SaveData':
../src/main.c:25841:5: warning: variable 'Value' set but not used [-Wunused-but-set-variable]
  u8 Value;
     ^~~~~
../src/main.c: In function 'fill_testADC_results_array':
../src/main.c:27060:5: warning: unused variable 'firstSetup' [-Wunused-variable]
  u8 firstSetup = 1;
     ^~~~~~~~~~
At top level:
../src/main.c:998:13: warning: 'fillTxPacketBufferSineWave' defined but not used [-Wunused-function]
 static void fillTxPacketBufferSineWave(int npoints, u8 *TxPacket){
             ^~~~~~~~~~~~~~~~~~~~~~~~~~
../src/main.c:777:12: warning: 'closeDMADevice' defined but not used [-Wunused-function]
 static int closeDMADevice(){
            ^~~~~~~~~~~~~~
../src/main.c:492:6: warning: 'setSPIControl' defined but not used [-Wunused-function]
 void setSPIControl(Xuint32 v){
      ^~~~~~~~~~~~~
../src/main.c:467:5: warning: 'setGyroTxFIFOLooping' defined but not used [-Wunused-function]
 int setGyroTxFIFOLooping(){
     ^~~~~~~~~~~~~~~~~~~~
../src/main.c:462:5: warning: 'resetGyroTxFIFOLooping' defined but not used [-Wunused-function]
 int resetGyroTxFIFOLooping(){
     ^~~~~~~~~~~~~~~~~~~~~~
../src/main.c: In function 'generateSineWave':
../src/main.c:1035:26: warning: 'x' may be used uninitialized in this function [-Wmaybe-uninitialized]
     emitDataToBuffer(i, x*((AMP)*1.0)+ (AMP*1.0));
                         ~^~~~~~~~~~~~
'Finished building: ../src/main.c'
' '
'Building target: axi4_gyro_test_0.elf'
'Invoking: ARM v7 gcc linker'
arm-none-eabi-gcc -mcpu=cortex-a9 -mfpu=vfpv3 -mfloat-abi=hard -Wl,-build-id=none -specs=Xilinx.spec -Wl,-T -Wl,../src/lscript.ld -L../../standalone_bsp_0/ps7_cortexa9_0/lib -o "axi4_gyro_test_0.elf"  ./src/main.o ./src/platform.o   -Wl,--start-group,-lxil,-lgcc,-lc,--end-group
'Finished building target: axi4_gyro_test_0.elf'
' '
'Invoking: ARM v7 Print Size'
arm-none-eabi-size axi4_gyro_test_0.elf  |tee "axi4_gyro_test_0.elf.size"
   text	   data	    bss	    dec	    hex	filename
 213324	   4344	  31568	 249236	  3cd94	axi4_gyro_test_0.elf
'Finished building: axi4_gyro_test_0.elf.size'
' '
00:29:40 **** Incremental Build of configuration Debug for project axi4_gyro_test_0 ****
make pre-build main-build 
a9-linaro-pre-build-step
' '
make: Nothing to be done for `main-build'.
00:34:29 **** Auto Build of configuration Debug for project axi4_gyro_test_0 ****
make pre-build main-build 
a9-linaro-pre-build-step
' '
'Building file: ../src/main.c'
'Invoking: ARM v7 gcc compiler'
arm-none-eabi-gcc -Wall -O0 -g3 -c -fmessage-length=0 -MT"src/main.o" -mcpu=cortex-a9 -mfpu=vfpv3 -mfloat-abi=hard -I../../standalone_bsp_0/ps7_cortexa9_0/include -MMD -MP -MF"src/main.d" -MT"src/main.o" -o "src/main.o" "../src/main.c"
In file included from ../src/main.c:6:0:
../../standalone_bsp_0/ps7_cortexa9_0/include/xbasic_types.h:115:2: warning: #warning The xbasics_type.h file is deprecated and users should use xil_types.h and xil_assert. [-Wcpp]
 #warning  The xbasics_type.h file is deprecated and users should use xil_types.h and xil_assert.
  ^~~~~~~
../../standalone_bsp_0/ps7_cortexa9_0/include/xbasic_types.h:116:2: warning: #warning Please refer the Standalone BSP UG647 for further details [-Wcpp]
 #warning  Please refer the Standalone BSP UG647 for further details
  ^~~~~~~
../src/main.c:172:2: warning: #warning CHECK FOR THE VALID DDR ADDRESS IN XPARAMETERS.H, DEFAULT SET TO 0x01000000 [-Wcpp]
 #warning CHECK FOR THE VALID DDR ADDRESS IN XPARAMETERS.H, \
  ^~~~~~~
../src/main.c: In function 'fillTxPacketBufferSineWave':
../src/main.c:1002:5: warning: unused variable 'Value' [-Wunused-variable]
  u8 Value;
     ^~~~~
../src/main.c:1001:12: warning: unused variable 'Value2' [-Wunused-variable]
  u8 Value1,Value2;
            ^~~~~~
../src/main.c:1001:5: warning: unused variable 'Value1' [-Wunused-variable]
  u8 Value1,Value2;
     ^~~~~~
../src/main.c:1000:6: warning: unused variable 'Index' [-Wunused-variable]
  int Index;
      ^~~~~
../src/main.c: In function 'generateSineWave':
../src/main.c:1025:26: warning: unused variable 'w' [-Wunused-variable]
   signed short int i, v, w;
                          ^
../src/main.c:1025:23: warning: unused variable 'v' [-Wunused-variable]
   signed short int i, v, w;
                       ^
../src/main.c:1024:25: warning: variable 'mult' set but not used [-Wunused-but-set-variable]
   double f, x, y, base, mult;
                         ^~~~
../src/main.c:1024:16: warning: unused variable 'y' [-Wunused-variable]
   double f, x, y, base, mult;
                ^
../src/main.c:1024:10: warning: variable 'f' set but not used [-Wunused-but-set-variable]
   double f, x, y, base, mult;
          ^
../src/main.c: In function 'fillTxPacketBuffer':
../src/main.c:181:25: warning: initialization makes pointer from integer without a cast [-Wint-conversion]
 #define TX_BUFFER_BASE  (MEM_BASE_ADDR + 0x00010000)
                         ^
../src/main.c:25695:20: note: in expansion of macro 'TX_BUFFER_BASE'
   u32 * TXbufPtr = TX_BUFFER_BASE;
                    ^~~~~~~~~~~~~~
../src/main.c:25695:9: warning: unused variable 'TXbufPtr' [-Wunused-variable]
   u32 * TXbufPtr = TX_BUFFER_BASE;
         ^~~~~~~~
../src/main.c:1097:7: warning: unused variable 'pattern4' [-Wunused-variable]
   u16 pattern4[4096];
       ^~~~~~~~
../src/main.c:1096:7: warning: unused variable 'pattern3' [-Wunused-variable]
   u16 pattern3[4096];
       ^~~~~~~~
../src/main.c: In function 'sendDMApacket':
../src/main.c:25756:6: warning: unused variable 'Index' [-Wunused-variable]
  int Index;
      ^~~~~
../src/main.c: In function 'SaveData':
../src/main.c:25841:5: warning: variable 'Value' set but not used [-Wunused-but-set-variable]
  u8 Value;
     ^~~~~
../src/main.c: In function 'fill_testADC_results_array':
../src/main.c:27060:5: warning: unused variable 'firstSetup' [-Wunused-variable]
  u8 firstSetup = 1;
     ^~~~~~~~~~
At top level:
../src/main.c:998:13: warning: 'fillTxPacketBufferSineWave' defined but not used [-Wunused-function]
 static void fillTxPacketBufferSineWave(int npoints, u8 *TxPacket){
             ^~~~~~~~~~~~~~~~~~~~~~~~~~
../src/main.c:777:12: warning: 'closeDMADevice' defined but not used [-Wunused-function]
 static int closeDMADevice(){
            ^~~~~~~~~~~~~~
../src/main.c:492:6: warning: 'setSPIControl' defined but not used [-Wunused-function]
 void setSPIControl(Xuint32 v){
      ^~~~~~~~~~~~~
../src/main.c:467:5: warning: 'setGyroTxFIFOLooping' defined but not used [-Wunused-function]
 int setGyroTxFIFOLooping(){
     ^~~~~~~~~~~~~~~~~~~~
../src/main.c:462:5: warning: 'resetGyroTxFIFOLooping' defined but not used [-Wunused-function]
 int resetGyroTxFIFOLooping(){
     ^~~~~~~~~~~~~~~~~~~~~~
../src/main.c: In function 'generateSineWave':
../src/main.c:1035:26: warning: 'x' may be used uninitialized in this function [-Wmaybe-uninitialized]
     emitDataToBuffer(i, x*((AMP)*1.0)+ (AMP*1.0));
                         ~^~~~~~~~~~~~
'Finished building: ../src/main.c'
' '
'Building target: axi4_gyro_test_0.elf'
'Invoking: ARM v7 gcc linker'
arm-none-eabi-gcc -mcpu=cortex-a9 -mfpu=vfpv3 -mfloat-abi=hard -Wl,-build-id=none -specs=Xilinx.spec -Wl,-T -Wl,../src/lscript.ld -L../../standalone_bsp_0/ps7_cortexa9_0/lib -o "axi4_gyro_test_0.elf"  ./src/main.o ./src/platform.o   -Wl,--start-group,-lxil,-lgcc,-lc,--end-group
'Finished building target: axi4_gyro_test_0.elf'
' '
'Invoking: ARM v7 Print Size'
arm-none-eabi-size axi4_gyro_test_0.elf  |tee "axi4_gyro_test_0.elf.size"
   text	   data	    bss	    dec	    hex	filename
 213388	   4344	  31568	 249300	  3cdd4	axi4_gyro_test_0.elf
'Finished building: axi4_gyro_test_0.elf.size'
' '
00:34:44 **** Incremental Build of configuration Debug for project axi4_gyro_test_0 ****
make pre-build main-build 
a9-linaro-pre-build-step
' '
make: Nothing to be done for `main-build'.
00:36:47 **** Incremental Build of configuration Debug for project axi4_gyro_test_0 ****
make pre-build main-build 
a9-linaro-pre-build-step
' '
make: Nothing to be done for `main-build'.
00:38:32 **** Incremental Build of configuration Debug for project axi4_gyro_test_0 ****
make pre-build main-build 
a9-linaro-pre-build-step
' '
make: Nothing to be done for `main-build'.
00:43:03 **** Auto Build of configuration Debug for project axi4_gyro_test_0 ****
make pre-build main-build 
a9-linaro-pre-build-step
' '
'Building file: ../src/main.c'
'Invoking: ARM v7 gcc compiler'
arm-none-eabi-gcc -Wall -O0 -g3 -c -fmessage-length=0 -MT"src/main.o" -mcpu=cortex-a9 -mfpu=vfpv3 -mfloat-abi=hard -I../../standalone_bsp_0/ps7_cortexa9_0/include -MMD -MP -MF"src/main.d" -MT"src/main.o" -o "src/main.o" "../src/main.c"
In file included from ../src/main.c:6:0:
../../standalone_bsp_0/ps7_cortexa9_0/include/xbasic_types.h:115:2: warning: #warning The xbasics_type.h file is deprecated and users should use xil_types.h and xil_assert. [-Wcpp]
 #warning  The xbasics_type.h file is deprecated and users should use xil_types.h and xil_assert.
  ^~~~~~~
../../standalone_bsp_0/ps7_cortexa9_0/include/xbasic_types.h:116:2: warning: #warning Please refer the Standalone BSP UG647 for further details [-Wcpp]
 #warning  Please refer the Standalone BSP UG647 for further details
  ^~~~~~~
../src/main.c:172:2: warning: #warning CHECK FOR THE VALID DDR ADDRESS IN XPARAMETERS.H, DEFAULT SET TO 0x01000000 [-Wcpp]
 #warning CHECK FOR THE VALID DDR ADDRESS IN XPARAMETERS.H, \
  ^~~~~~~
../src/main.c: In function 'fillTxPacketBufferSineWave':
../src/main.c:1002:5: warning: unused variable 'Value' [-Wunused-variable]
  u8 Value;
     ^~~~~
../src/main.c:1001:12: warning: unused variable 'Value2' [-Wunused-variable]
  u8 Value1,Value2;
            ^~~~~~
../src/main.c:1001:5: warning: unused variable 'Value1' [-Wunused-variable]
  u8 Value1,Value2;
     ^~~~~~
../src/main.c:1000:6: warning: unused variable 'Index' [-Wunused-variable]
  int Index;
      ^~~~~
../src/main.c: In function 'generateSineWave':
../src/main.c:1025:26: warning: unused variable 'w' [-Wunused-variable]
   signed short int i, v, w;
                          ^
../src/main.c:1025:23: warning: unused variable 'v' [-Wunused-variable]
   signed short int i, v, w;
                       ^
../src/main.c:1024:25: warning: variable 'mult' set but not used [-Wunused-but-set-variable]
   double f, x, y, base, mult;
                         ^~~~
../src/main.c:1024:16: warning: unused variable 'y' [-Wunused-variable]
   double f, x, y, base, mult;
                ^
../src/main.c:1024:10: warning: variable 'f' set but not used [-Wunused-but-set-variable]
   double f, x, y, base, mult;
          ^
../src/main.c: In function 'fillTxPacketBuffer':
../src/main.c:181:25: warning: initialization makes pointer from integer without a cast [-Wint-conversion]
 #define TX_BUFFER_BASE  (MEM_BASE_ADDR + 0x00010000)
                         ^
../src/main.c:25695:20: note: in expansion of macro 'TX_BUFFER_BASE'
   u32 * TXbufPtr = TX_BUFFER_BASE;
                    ^~~~~~~~~~~~~~
../src/main.c:25695:9: warning: unused variable 'TXbufPtr' [-Wunused-variable]
   u32 * TXbufPtr = TX_BUFFER_BASE;
         ^~~~~~~~
../src/main.c:1097:7: warning: unused variable 'pattern4' [-Wunused-variable]
   u16 pattern4[4096];
       ^~~~~~~~
../src/main.c:1096:7: warning: unused variable 'pattern3' [-Wunused-variable]
   u16 pattern3[4096];
       ^~~~~~~~
../src/main.c:1095:7: warning: unused variable 'pattern2' [-Wunused-variable]
   u16 pattern2[4096];
       ^~~~~~~~
../src/main.c: In function 'sendDMApacket':
../src/main.c:25759:6: warning: unused variable 'Index' [-Wunused-variable]
  int Index;
      ^~~~~
../src/main.c: In function 'SaveData':
../src/main.c:25844:5: warning: variable 'Value' set but not used [-Wunused-but-set-variable]
  u8 Value;
     ^~~~~
../src/main.c: In function 'fill_testADC_results_array':
../src/main.c:27063:5: warning: unused variable 'firstSetup' [-Wunused-variable]
  u8 firstSetup = 1;
     ^~~~~~~~~~
At top level:
../src/main.c:998:13: warning: 'fillTxPacketBufferSineWave' defined but not used [-Wunused-function]
 static void fillTxPacketBufferSineWave(int npoints, u8 *TxPacket){
             ^~~~~~~~~~~~~~~~~~~~~~~~~~
../src/main.c:777:12: warning: 'closeDMADevice' defined but not used [-Wunused-function]
 static int closeDMADevice(){
            ^~~~~~~~~~~~~~
../src/main.c:492:6: warning: 'setSPIControl' defined but not used [-Wunused-function]
 void setSPIControl(Xuint32 v){
      ^~~~~~~~~~~~~
../src/main.c:467:5: warning: 'setGyroTxFIFOLooping' defined but not used [-Wunused-function]
 int setGyroTxFIFOLooping(){
     ^~~~~~~~~~~~~~~~~~~~
../src/main.c:462:5: warning: 'resetGyroTxFIFOLooping' defined but not used [-Wunused-function]
 int resetGyroTxFIFOLooping(){
     ^~~~~~~~~~~~~~~~~~~~~~
../src/main.c: In function 'generateSineWave':
../src/main.c:1035:26: warning: 'x' may be used uninitialized in this function [-Wmaybe-uninitialized]
     emitDataToBuffer(i, x*((AMP)*1.0)+ (AMP*1.0));
                         ~^~~~~~~~~~~~
'Finished building: ../src/main.c'
' '
'Building target: axi4_gyro_test_0.elf'
'Invoking: ARM v7 gcc linker'
arm-none-eabi-gcc -mcpu=cortex-a9 -mfpu=vfpv3 -mfloat-abi=hard -Wl,-build-id=none -specs=Xilinx.spec -Wl,-T -Wl,../src/lscript.ld -L../../standalone_bsp_0/ps7_cortexa9_0/lib -o "axi4_gyro_test_0.elf"  ./src/main.o ./src/platform.o   -Wl,--start-group,-lxil,-lgcc,-lc,--end-group
'Finished building target: axi4_gyro_test_0.elf'
' '
'Invoking: ARM v7 Print Size'
arm-none-eabi-size axi4_gyro_test_0.elf  |tee "axi4_gyro_test_0.elf.size"
   text	   data	    bss	    dec	    hex	filename
 212940	   4344	  31568	 248852	  3cc14	axi4_gyro_test_0.elf
'Finished building: axi4_gyro_test_0.elf.size'
' '
00:43:50 **** Incremental Build of configuration Debug for project axi4_gyro_test_0 ****
make pre-build main-build 
a9-linaro-pre-build-step
' '
make: Nothing to be done for `main-build'.
00:44:50 **** Incremental Build of configuration Debug for project axi4_gyro_test_0 ****
make pre-build main-build 
a9-linaro-pre-build-step
' '
make: Nothing to be done for `main-build'.
00:50:49 **** Auto Build of configuration Debug for project axi4_gyro_test_0 ****
make pre-build main-build 
a9-linaro-pre-build-step
' '
'Building file: ../src/main.c'
'Invoking: ARM v7 gcc compiler'
arm-none-eabi-gcc -Wall -O0 -g3 -c -fmessage-length=0 -MT"src/main.o" -mcpu=cortex-a9 -mfpu=vfpv3 -mfloat-abi=hard -I../../standalone_bsp_0/ps7_cortexa9_0/include -MMD -MP -MF"src/main.d" -MT"src/main.o" -o "src/main.o" "../src/main.c"
In file included from ../src/main.c:6:0:
../../standalone_bsp_0/ps7_cortexa9_0/include/xbasic_types.h:115:2: warning: #warning The xbasics_type.h file is deprecated and users should use xil_types.h and xil_assert. [-Wcpp]
 #warning  The xbasics_type.h file is deprecated and users should use xil_types.h and xil_assert.
  ^~~~~~~
../../standalone_bsp_0/ps7_cortexa9_0/include/xbasic_types.h:116:2: warning: #warning Please refer the Standalone BSP UG647 for further details [-Wcpp]
 #warning  Please refer the Standalone BSP UG647 for further details
  ^~~~~~~
../src/main.c:172:2: warning: #warning CHECK FOR THE VALID DDR ADDRESS IN XPARAMETERS.H, DEFAULT SET TO 0x01000000 [-Wcpp]
 #warning CHECK FOR THE VALID DDR ADDRESS IN XPARAMETERS.H, \
  ^~~~~~~
../src/main.c: In function 'fillTxPacketBufferSineWave':
../src/main.c:1002:5: warning: unused variable 'Value' [-Wunused-variable]
  u8 Value;
     ^~~~~
../src/main.c:1001:12: warning: unused variable 'Value2' [-Wunused-variable]
  u8 Value1,Value2;
            ^~~~~~
../src/main.c:1001:5: warning: unused variable 'Value1' [-Wunused-variable]
  u8 Value1,Value2;
     ^~~~~~
../src/main.c:1000:6: warning: unused variable 'Index' [-Wunused-variable]
  int Index;
      ^~~~~
../src/main.c: In function 'generateSineWave':
../src/main.c:1025:26: warning: unused variable 'w' [-Wunused-variable]
   signed short int i, v, w;
                          ^
../src/main.c:1025:23: warning: unused variable 'v' [-Wunused-variable]
   signed short int i, v, w;
                       ^
../src/main.c:1024:25: warning: variable 'mult' set but not used [-Wunused-but-set-variable]
   double f, x, y, base, mult;
                         ^~~~
../src/main.c:1024:16: warning: unused variable 'y' [-Wunused-variable]
   double f, x, y, base, mult;
                ^
../src/main.c:1024:10: warning: variable 'f' set but not used [-Wunused-but-set-variable]
   double f, x, y, base, mult;
          ^
../src/main.c: In function 'fillTxPacketBuffer':
../src/main.c:181:25: warning: initialization makes pointer from integer without a cast [-Wint-conversion]
 #define TX_BUFFER_BASE  (MEM_BASE_ADDR + 0x00010000)
                         ^
../src/main.c:25695:20: note: in expansion of macro 'TX_BUFFER_BASE'
   u32 * TXbufPtr = TX_BUFFER_BASE;
                    ^~~~~~~~~~~~~~
../src/main.c:25695:9: warning: unused variable 'TXbufPtr' [-Wunused-variable]
   u32 * TXbufPtr = TX_BUFFER_BASE;
         ^~~~~~~~
../src/main.c:1097:7: warning: unused variable 'pattern4' [-Wunused-variable]
   u16 pattern4[4096];
       ^~~~~~~~
../src/main.c:1096:7: warning: unused variable 'pattern3' [-Wunused-variable]
   u16 pattern3[4096];
       ^~~~~~~~
../src/main.c:1095:7: warning: unused variable 'pattern2' [-Wunused-variable]
   u16 pattern2[4096];
       ^~~~~~~~
../src/main.c: In function 'sendDMApacket':
../src/main.c:25760:6: warning: unused variable 'Index' [-Wunused-variable]
  int Index;
      ^~~~~
../src/main.c: In function 'SaveData':
../src/main.c:25845:5: warning: variable 'Value' set but not used [-Wunused-but-set-variable]
  u8 Value;
     ^~~~~
../src/main.c: In function 'fill_testADC_results_array':
../src/main.c:27064:5: warning: unused variable 'firstSetup' [-Wunused-variable]
  u8 firstSetup = 1;
     ^~~~~~~~~~
At top level:
../src/main.c:998:13: warning: 'fillTxPacketBufferSineWave' defined but not used [-Wunused-function]
 static void fillTxPacketBufferSineWave(int npoints, u8 *TxPacket){
             ^~~~~~~~~~~~~~~~~~~~~~~~~~
../src/main.c:777:12: warning: 'closeDMADevice' defined but not used [-Wunused-function]
 static int closeDMADevice(){
            ^~~~~~~~~~~~~~
../src/main.c:492:6: warning: 'setSPIControl' defined but not used [-Wunused-function]
 void setSPIControl(Xuint32 v){
      ^~~~~~~~~~~~~
../src/main.c:467:5: warning: 'setGyroTxFIFOLooping' defined but not used [-Wunused-function]
 int setGyroTxFIFOLooping(){
     ^~~~~~~~~~~~~~~~~~~~
../src/main.c:462:5: warning: 'resetGyroTxFIFOLooping' defined but not used [-Wunused-function]
 int resetGyroTxFIFOLooping(){
     ^~~~~~~~~~~~~~~~~~~~~~
../src/main.c: In function 'generateSineWave':
../src/main.c:1035:26: warning: 'x' may be used uninitialized in this function [-Wmaybe-uninitialized]
     emitDataToBuffer(i, x*((AMP)*1.0)+ (AMP*1.0));
                         ~^~~~~~~~~~~~
'Finished building: ../src/main.c'
' '
'Building target: axi4_gyro_test_0.elf'
'Invoking: ARM v7 gcc linker'
arm-none-eabi-gcc -mcpu=cortex-a9 -mfpu=vfpv3 -mfloat-abi=hard -Wl,-build-id=none -specs=Xilinx.spec -Wl,-T -Wl,../src/lscript.ld -L../../standalone_bsp_0/ps7_cortexa9_0/lib -o "axi4_gyro_test_0.elf"  ./src/main.o ./src/platform.o   -Wl,--start-group,-lxil,-lgcc,-lc,--end-group
'Finished building target: axi4_gyro_test_0.elf'
' '
'Invoking: ARM v7 Print Size'
arm-none-eabi-size axi4_gyro_test_0.elf  |tee "axi4_gyro_test_0.elf.size"
   text	   data	    bss	    dec	    hex	filename
 212940	   4344	  31568	 248852	  3cc14	axi4_gyro_test_0.elf
'Finished building: axi4_gyro_test_0.elf.size'
' '
00:52:24 **** Incremental Build of configuration Debug for project axi4_gyro_test_0 ****
make pre-build main-build 
a9-linaro-pre-build-step
' '
make: Nothing to be done for `main-build'.
01:33:20 **** Incremental Build of configuration Debug for project axi4_gyro_test_0 ****
make pre-build main-build 
a9-linaro-pre-build-step
' '
make: Nothing to be done for `main-build'.
01:43:52 **** Auto Build of configuration Debug for project axi4_gyro_test_0 ****
make pre-build main-build 
a9-linaro-pre-build-step
' '
'Building file: ../src/main.c'
'Invoking: ARM v7 gcc compiler'
arm-none-eabi-gcc -Wall -O0 -g3 -c -fmessage-length=0 -MT"src/main.o" -mcpu=cortex-a9 -mfpu=vfpv3 -mfloat-abi=hard -I../../standalone_bsp_0/ps7_cortexa9_0/include -MMD -MP -MF"src/main.d" -MT"src/main.o" -o "src/main.o" "../src/main.c"
In file included from ../src/main.c:6:0:
../../standalone_bsp_0/ps7_cortexa9_0/include/xbasic_types.h:115:2: warning: #warning The xbasics_type.h file is deprecated and users should use xil_types.h and xil_assert. [-Wcpp]
 #warning  The xbasics_type.h file is deprecated and users should use xil_types.h and xil_assert.
  ^~~~~~~
../../standalone_bsp_0/ps7_cortexa9_0/include/xbasic_types.h:116:2: warning: #warning Please refer the Standalone BSP UG647 for further details [-Wcpp]
 #warning  Please refer the Standalone BSP UG647 for further details
  ^~~~~~~
../src/main.c:172:2: warning: #warning CHECK FOR THE VALID DDR ADDRESS IN XPARAMETERS.H, DEFAULT SET TO 0x01000000 [-Wcpp]
 #warning CHECK FOR THE VALID DDR ADDRESS IN XPARAMETERS.H, \
  ^~~~~~~
../src/main.c: In function 'fillTxPacketBufferSineWave':
../src/main.c:1002:5: warning: unused variable 'Value' [-Wunused-variable]
  u8 Value;
     ^~~~~
../src/main.c:1001:12: warning: unused variable 'Value2' [-Wunused-variable]
  u8 Value1,Value2;
            ^~~~~~
../src/main.c:1001:5: warning: unused variable 'Value1' [-Wunused-variable]
  u8 Value1,Value2;
     ^~~~~~
../src/main.c:1000:6: warning: unused variable 'Index' [-Wunused-variable]
  int Index;
      ^~~~~
../src/main.c: In function 'generateSineWave':
../src/main.c:1025:26: warning: unused variable 'w' [-Wunused-variable]
   signed short int i, v, w;
                          ^
../src/main.c:1025:23: warning: unused variable 'v' [-Wunused-variable]
   signed short int i, v, w;
                       ^
../src/main.c:1024:25: warning: variable 'mult' set but not used [-Wunused-but-set-variable]
   double f, x, y, base, mult;
                         ^~~~
../src/main.c:1024:16: warning: unused variable 'y' [-Wunused-variable]
   double f, x, y, base, mult;
                ^
../src/main.c:1024:10: warning: variable 'f' set but not used [-Wunused-but-set-variable]
   double f, x, y, base, mult;
          ^
../src/main.c: In function 'fillTxPacketBuffer':
../src/main.c:181:25: warning: initialization makes pointer from integer without a cast [-Wint-conversion]
 #define TX_BUFFER_BASE  (MEM_BASE_ADDR + 0x00010000)
                         ^
../src/main.c:25695:20: note: in expansion of macro 'TX_BUFFER_BASE'
   u32 * TXbufPtr = TX_BUFFER_BASE;
                    ^~~~~~~~~~~~~~
../src/main.c:25695:9: warning: unused variable 'TXbufPtr' [-Wunused-variable]
   u32 * TXbufPtr = TX_BUFFER_BASE;
         ^~~~~~~~
../src/main.c:1097:7: warning: unused variable 'pattern4' [-Wunused-variable]
   u16 pattern4[4096];
       ^~~~~~~~
../src/main.c:1096:7: warning: unused variable 'pattern3' [-Wunused-variable]
   u16 pattern3[4096];
       ^~~~~~~~
../src/main.c:1095:7: warning: unused variable 'pattern2' [-Wunused-variable]
   u16 pattern2[4096];
       ^~~~~~~~
../src/main.c: In function 'sendDMApacket':
../src/main.c:25760:6: warning: unused variable 'Index' [-Wunused-variable]
  int Index;
      ^~~~~
../src/main.c: In function 'SaveData':
../src/main.c:25845:5: warning: variable 'Value' set but not used [-Wunused-but-set-variable]
  u8 Value;
     ^~~~~
../src/main.c: In function 'fill_testADC_results_array':
../src/main.c:27064:5: warning: unused variable 'firstSetup' [-Wunused-variable]
  u8 firstSetup = 1;
     ^~~~~~~~~~
At top level:
../src/main.c:998:13: warning: 'fillTxPacketBufferSineWave' defined but not used [-Wunused-function]
 static void fillTxPacketBufferSineWave(int npoints, u8 *TxPacket){
             ^~~~~~~~~~~~~~~~~~~~~~~~~~
../src/main.c:777:12: warning: 'closeDMADevice' defined but not used [-Wunused-function]
 static int closeDMADevice(){
            ^~~~~~~~~~~~~~
../src/main.c:492:6: warning: 'setSPIControl' defined but not used [-Wunused-function]
 void setSPIControl(Xuint32 v){
      ^~~~~~~~~~~~~
../src/main.c:467:5: warning: 'setGyroTxFIFOLooping' defined but not used [-Wunused-function]
 int setGyroTxFIFOLooping(){
     ^~~~~~~~~~~~~~~~~~~~
../src/main.c:462:5: warning: 'resetGyroTxFIFOLooping' defined but not used [-Wunused-function]
 int resetGyroTxFIFOLooping(){
     ^~~~~~~~~~~~~~~~~~~~~~
../src/main.c: In function 'generateSineWave':
../src/main.c:1035:26: warning: 'x' may be used uninitialized in this function [-Wmaybe-uninitialized]
     emitDataToBuffer(i, x*((AMP)*1.0)+ (AMP*1.0));
                         ~^~~~~~~~~~~~
'Finished building: ../src/main.c'
' '
'Building target: axi4_gyro_test_0.elf'
'Invoking: ARM v7 gcc linker'
arm-none-eabi-gcc -mcpu=cortex-a9 -mfpu=vfpv3 -mfloat-abi=hard -Wl,-build-id=none -specs=Xilinx.spec -Wl,-T -Wl,../src/lscript.ld -L../../standalone_bsp_0/ps7_cortexa9_0/lib -o "axi4_gyro_test_0.elf"  ./src/main.o ./src/platform.o   -Wl,--start-group,-lxil,-lgcc,-lc,--end-group
'Finished building target: axi4_gyro_test_0.elf'
' '
'Invoking: ARM v7 Print Size'
arm-none-eabi-size axi4_gyro_test_0.elf  |tee "axi4_gyro_test_0.elf.size"
   text	   data	    bss	    dec	    hex	filename
 212940	   4344	  31568	 248852	  3cc14	axi4_gyro_test_0.elf
'Finished building: axi4_gyro_test_0.elf.size'
' '
01:44:16 **** Incremental Build of configuration Debug for project axi4_gyro_test_0 ****
make pre-build main-build 
a9-linaro-pre-build-step
' '
make: Nothing to be done for `main-build'.
01:47:09 **** Incremental Build of configuration Debug for project axi4_gyro_test_0 ****
make pre-build main-build 
a9-linaro-pre-build-step
' '
make: Nothing to be done for `main-build'.
01:58:09 **** Auto Build of configuration Debug for project axi4_gyro_test_0 ****
make pre-build main-build 
a9-linaro-pre-build-step
' '
'Building file: ../src/main.c'
'Invoking: ARM v7 gcc compiler'
arm-none-eabi-gcc -Wall -O0 -g3 -c -fmessage-length=0 -MT"src/main.o" -mcpu=cortex-a9 -mfpu=vfpv3 -mfloat-abi=hard -I../../standalone_bsp_0/ps7_cortexa9_0/include -MMD -MP -MF"src/main.d" -MT"src/main.o" -o "src/main.o" "../src/main.c"
In file included from ../src/main.c:6:0:
../../standalone_bsp_0/ps7_cortexa9_0/include/xbasic_types.h:115:2: warning: #warning The xbasics_type.h file is deprecated and users should use xil_types.h and xil_assert. [-Wcpp]
 #warning  The xbasics_type.h file is deprecated and users should use xil_types.h and xil_assert.
  ^~~~~~~
../../standalone_bsp_0/ps7_cortexa9_0/include/xbasic_types.h:116:2: warning: #warning Please refer the Standalone BSP UG647 for further details [-Wcpp]
 #warning  Please refer the Standalone BSP UG647 for further details
  ^~~~~~~
../src/main.c:172:2: warning: #warning CHECK FOR THE VALID DDR ADDRESS IN XPARAMETERS.H, DEFAULT SET TO 0x01000000 [-Wcpp]
 #warning CHECK FOR THE VALID DDR ADDRESS IN XPARAMETERS.H, \
  ^~~~~~~
../src/main.c: In function 'fillTxPacketBufferSineWave':
../src/main.c:1002:5: warning: unused variable 'Value' [-Wunused-variable]
  u8 Value;
     ^~~~~
../src/main.c:1001:12: warning: unused variable 'Value2' [-Wunused-variable]
  u8 Value1,Value2;
            ^~~~~~
../src/main.c:1001:5: warning: unused variable 'Value1' [-Wunused-variable]
  u8 Value1,Value2;
     ^~~~~~
../src/main.c:1000:6: warning: unused variable 'Index' [-Wunused-variable]
  int Index;
      ^~~~~
../src/main.c: In function 'generateSineWave':
../src/main.c:1025:26: warning: unused variable 'w' [-Wunused-variable]
   signed short int i, v, w;
                          ^
../src/main.c:1025:23: warning: unused variable 'v' [-Wunused-variable]
   signed short int i, v, w;
                       ^
../src/main.c:1024:25: warning: variable 'mult' set but not used [-Wunused-but-set-variable]
   double f, x, y, base, mult;
                         ^~~~
../src/main.c:1024:16: warning: unused variable 'y' [-Wunused-variable]
   double f, x, y, base, mult;
                ^
../src/main.c:1024:10: warning: variable 'f' set but not used [-Wunused-but-set-variable]
   double f, x, y, base, mult;
          ^
../src/main.c: In function 'fillTxPacketBuffer':
../src/main.c:181:25: warning: initialization makes pointer from integer without a cast [-Wint-conversion]
 #define TX_BUFFER_BASE  (MEM_BASE_ADDR + 0x00010000)
                         ^
../src/main.c:25695:20: note: in expansion of macro 'TX_BUFFER_BASE'
   u32 * TXbufPtr = TX_BUFFER_BASE;
                    ^~~~~~~~~~~~~~
../src/main.c:25695:9: warning: unused variable 'TXbufPtr' [-Wunused-variable]
   u32 * TXbufPtr = TX_BUFFER_BASE;
         ^~~~~~~~
../src/main.c:1097:7: warning: unused variable 'pattern4' [-Wunused-variable]
   u16 pattern4[4096];
       ^~~~~~~~
../src/main.c:1096:7: warning: unused variable 'pattern3' [-Wunused-variable]
   u16 pattern3[4096];
       ^~~~~~~~
../src/main.c:1095:7: warning: unused variable 'pattern2' [-Wunused-variable]
   u16 pattern2[4096];
       ^~~~~~~~
../src/main.c: In function 'sendDMApacket':
../src/main.c:25760:6: warning: unused variable 'Index' [-Wunused-variable]
  int Index;
      ^~~~~
../src/main.c: In function 'SaveData':
../src/main.c:25845:5: warning: variable 'Value' set but not used [-Wunused-but-set-variable]
  u8 Value;
     ^~~~~
../src/main.c: In function 'fill_testADC_results_array':
../src/main.c:27064:5: warning: unused variable 'firstSetup' [-Wunused-variable]
  u8 firstSetup = 1;
     ^~~~~~~~~~
At top level:
../src/main.c:998:13: warning: 'fillTxPacketBufferSineWave' defined but not used [-Wunused-function]
 static void fillTxPacketBufferSineWave(int npoints, u8 *TxPacket){
             ^~~~~~~~~~~~~~~~~~~~~~~~~~
../src/main.c:777:12: warning: 'closeDMADevice' defined but not used [-Wunused-function]
 static int closeDMADevice(){
            ^~~~~~~~~~~~~~
../src/main.c:492:6: warning: 'setSPIControl' defined but not used [-Wunused-function]
 void setSPIControl(Xuint32 v){
      ^~~~~~~~~~~~~
../src/main.c:467:5: warning: 'setGyroTxFIFOLooping' defined but not used [-Wunused-function]
 int setGyroTxFIFOLooping(){
     ^~~~~~~~~~~~~~~~~~~~
../src/main.c:462:5: warning: 'resetGyroTxFIFOLooping' defined but not used [-Wunused-function]
 int resetGyroTxFIFOLooping(){
     ^~~~~~~~~~~~~~~~~~~~~~
../src/main.c: In function 'generateSineWave':
../src/main.c:1035:26: warning: 'x' may be used uninitialized in this function [-Wmaybe-uninitialized]
     emitDataToBuffer(i, x*((AMP)*1.0)+ (AMP*1.0));
                         ~^~~~~~~~~~~~
'Finished building: ../src/main.c'
' '
'Building target: axi4_gyro_test_0.elf'
'Invoking: ARM v7 gcc linker'
arm-none-eabi-gcc -mcpu=cortex-a9 -mfpu=vfpv3 -mfloat-abi=hard -Wl,-build-id=none -specs=Xilinx.spec -Wl,-T -Wl,../src/lscript.ld -L../../standalone_bsp_0/ps7_cortexa9_0/lib -o "axi4_gyro_test_0.elf"  ./src/main.o ./src/platform.o   -Wl,--start-group,-lxil,-lgcc,-lc,--end-group
'Finished building target: axi4_gyro_test_0.elf'
' '
'Invoking: ARM v7 Print Size'
arm-none-eabi-size axi4_gyro_test_0.elf  |tee "axi4_gyro_test_0.elf.size"
   text	   data	    bss	    dec	    hex	filename
 212940	   4344	  35664	 252948	  3dc14	axi4_gyro_test_0.elf
'Finished building: axi4_gyro_test_0.elf.size'
' '
02:00:24 **** Incremental Build of configuration Debug for project axi4_gyro_test_0 ****
make pre-build main-build 
a9-linaro-pre-build-step
' '
make: Nothing to be done for `main-build'.
02:01:55 **** Incremental Build of configuration Debug for project axi4_gyro_test_0 ****
make pre-build main-build 
a9-linaro-pre-build-step
' '
make: Nothing to be done for `main-build'.
02:07:36 **** Incremental Build of configuration Debug for project axi4_gyro_test_0 ****
make pre-build main-build 
a9-linaro-pre-build-step
' '
make: Nothing to be done for `main-build'.
02:18:49 **** Auto Build of configuration Debug for project axi4_gyro_test_0 ****
make pre-build main-build 
a9-linaro-pre-build-step
' '
'Building file: ../src/main.c'
'Invoking: ARM v7 gcc compiler'
arm-none-eabi-gcc -Wall -O0 -g3 -c -fmessage-length=0 -MT"src/main.o" -mcpu=cortex-a9 -mfpu=vfpv3 -mfloat-abi=hard -I../../standalone_bsp_0/ps7_cortexa9_0/include -MMD -MP -MF"src/main.d" -MT"src/main.o" -o "src/main.o" "../src/main.c"
In file included from ../src/main.c:6:0:
../../standalone_bsp_0/ps7_cortexa9_0/include/xbasic_types.h:115:2: warning: #warning The xbasics_type.h file is deprecated and users should use xil_types.h and xil_assert. [-Wcpp]
 #warning  The xbasics_type.h file is deprecated and users should use xil_types.h and xil_assert.
  ^~~~~~~
../../standalone_bsp_0/ps7_cortexa9_0/include/xbasic_types.h:116:2: warning: #warning Please refer the Standalone BSP UG647 for further details [-Wcpp]
 #warning  Please refer the Standalone BSP UG647 for further details
  ^~~~~~~
../src/main.c:174:2: warning: #warning CHECK FOR THE VALID DDR ADDRESS IN XPARAMETERS.H, DEFAULT SET TO 0x01000000 [-Wcpp]
 #warning CHECK FOR THE VALID DDR ADDRESS IN XPARAMETERS.H, \
  ^~~~~~~
../src/main.c: In function 'fillTxPacketBufferSineWave':
../src/main.c:1004:5: warning: unused variable 'Value' [-Wunused-variable]
  u8 Value;
     ^~~~~
../src/main.c:1003:12: warning: unused variable 'Value2' [-Wunused-variable]
  u8 Value1,Value2;
            ^~~~~~
../src/main.c:1003:5: warning: unused variable 'Value1' [-Wunused-variable]
  u8 Value1,Value2;
     ^~~~~~
../src/main.c:1002:6: warning: unused variable 'Index' [-Wunused-variable]
  int Index;
      ^~~~~
../src/main.c: In function 'generateSineWave':
../src/main.c:1027:26: warning: unused variable 'w' [-Wunused-variable]
   signed short int i, v, w;
                          ^
../src/main.c:1027:23: warning: unused variable 'v' [-Wunused-variable]
   signed short int i, v, w;
                       ^
../src/main.c:1026:25: warning: variable 'mult' set but not used [-Wunused-but-set-variable]
   double f, x, y, base, mult;
                         ^~~~
../src/main.c:1026:16: warning: unused variable 'y' [-Wunused-variable]
   double f, x, y, base, mult;
                ^
../src/main.c:1026:10: warning: variable 'f' set but not used [-Wunused-but-set-variable]
   double f, x, y, base, mult;
          ^
../src/main.c: In function 'fillTxPacketBuffer':
../src/main.c:183:25: warning: initialization makes pointer from integer without a cast [-Wint-conversion]
 #define TX_BUFFER_BASE  (MEM_BASE_ADDR + 0x00010000)
                         ^
../src/main.c:25697:20: note: in expansion of macro 'TX_BUFFER_BASE'
   u32 * TXbufPtr = TX_BUFFER_BASE;
                    ^~~~~~~~~~~~~~
../src/main.c:25697:9: warning: unused variable 'TXbufPtr' [-Wunused-variable]
   u32 * TXbufPtr = TX_BUFFER_BASE;
         ^~~~~~~~
../src/main.c:1099:7: warning: unused variable 'pattern4' [-Wunused-variable]
   u16 pattern4[4096];
       ^~~~~~~~
../src/main.c:1098:7: warning: unused variable 'pattern3' [-Wunused-variable]
   u16 pattern3[4096];
       ^~~~~~~~
../src/main.c:1097:7: warning: unused variable 'pattern2' [-Wunused-variable]
   u16 pattern2[4096];
       ^~~~~~~~
../src/main.c: In function 'sendDMApacket':
../src/main.c:25762:6: warning: unused variable 'Index' [-Wunused-variable]
  int Index;
      ^~~~~
../src/main.c: In function 'SaveData':
../src/main.c:25847:5: warning: variable 'Value' set but not used [-Wunused-but-set-variable]
  u8 Value;
     ^~~~~
../src/main.c: In function 'fill_testADC_results_array':
../src/main.c:27114:5: warning: unused variable 'firstSetup' [-Wunused-variable]
  u8 firstSetup = 1;
     ^~~~~~~~~~
At top level:
../src/main.c:1000:13: warning: 'fillTxPacketBufferSineWave' defined but not used [-Wunused-function]
 static void fillTxPacketBufferSineWave(int npoints, u8 *TxPacket){
             ^~~~~~~~~~~~~~~~~~~~~~~~~~
../src/main.c:779:12: warning: 'closeDMADevice' defined but not used [-Wunused-function]
 static int closeDMADevice(){
            ^~~~~~~~~~~~~~
../src/main.c:494:6: warning: 'setSPIControl' defined but not used [-Wunused-function]
 void setSPIControl(Xuint32 v){
      ^~~~~~~~~~~~~
../src/main.c:469:5: warning: 'setGyroTxFIFOLooping' defined but not used [-Wunused-function]
 int setGyroTxFIFOLooping(){
     ^~~~~~~~~~~~~~~~~~~~
../src/main.c:464:5: warning: 'resetGyroTxFIFOLooping' defined but not used [-Wunused-function]
 int resetGyroTxFIFOLooping(){
     ^~~~~~~~~~~~~~~~~~~~~~
../src/main.c: In function 'generateSineWave':
../src/main.c:1037:26: warning: 'x' may be used uninitialized in this function [-Wmaybe-uninitialized]
     emitDataToBuffer(i, x*((AMP)*1.0)+ (AMP*1.0));
                         ~^~~~~~~~~~~~
'Finished building: ../src/main.c'
' '
'Building target: axi4_gyro_test_0.elf'
'Invoking: ARM v7 gcc linker'
arm-none-eabi-gcc -mcpu=cortex-a9 -mfpu=vfpv3 -mfloat-abi=hard -Wl,-build-id=none -specs=Xilinx.spec -Wl,-T -Wl,../src/lscript.ld -L../../standalone_bsp_0/ps7_cortexa9_0/lib -o "axi4_gyro_test_0.elf"  ./src/main.o ./src/platform.o   -Wl,--start-group,-lxil,-lgcc,-lc,--end-group
'Finished building target: axi4_gyro_test_0.elf'
' '
'Invoking: ARM v7 Print Size'
arm-none-eabi-size axi4_gyro_test_0.elf  |tee "axi4_gyro_test_0.elf.size"
   text	   data	    bss	    dec	    hex	filename
 213132	   4344	  35664	 253140	  3dcd4	axi4_gyro_test_0.elf
'Finished building: axi4_gyro_test_0.elf.size'
' '
02:20:24 **** Auto Build of configuration Debug for project axi4_gyro_test_0 ****
make pre-build main-build 
a9-linaro-pre-build-step
' '
'Building file: ../src/main.c'
'Invoking: ARM v7 gcc compiler'
arm-none-eabi-gcc -Wall -O0 -g3 -c -fmessage-length=0 -MT"src/main.o" -mcpu=cortex-a9 -mfpu=vfpv3 -mfloat-abi=hard -I../../standalone_bsp_0/ps7_cortexa9_0/include -MMD -MP -MF"src/main.d" -MT"src/main.o" -o "src/main.o" "../src/main.c"
In file included from ../src/main.c:6:0:
../../standalone_bsp_0/ps7_cortexa9_0/include/xbasic_types.h:115:2: warning: #warning The xbasics_type.h file is deprecated and users should use xil_types.h and xil_assert. [-Wcpp]
 #warning  The xbasics_type.h file is deprecated and users should use xil_types.h and xil_assert.
  ^~~~~~~
../../standalone_bsp_0/ps7_cortexa9_0/include/xbasic_types.h:116:2: warning: #warning Please refer the Standalone BSP UG647 for further details [-Wcpp]
 #warning  Please refer the Standalone BSP UG647 for further details
  ^~~~~~~
../src/main.c:174:2: warning: #warning CHECK FOR THE VALID DDR ADDRESS IN XPARAMETERS.H, DEFAULT SET TO 0x01000000 [-Wcpp]
 #warning CHECK FOR THE VALID DDR ADDRESS IN XPARAMETERS.H, \
  ^~~~~~~
../src/main.c: In function 'fillTxPacketBufferSineWave':
../src/main.c:1008:5: warning: unused variable 'Value' [-Wunused-variable]
  u8 Value;
     ^~~~~
../src/main.c:1007:12: warning: unused variable 'Value2' [-Wunused-variable]
  u8 Value1,Value2;
            ^~~~~~
../src/main.c:1007:5: warning: unused variable 'Value1' [-Wunused-variable]
  u8 Value1,Value2;
     ^~~~~~
../src/main.c:1006:6: warning: unused variable 'Index' [-Wunused-variable]
  int Index;
      ^~~~~
../src/main.c: In function 'generateSineWave':
../src/main.c:1031:26: warning: unused variable 'w' [-Wunused-variable]
   signed short int i, v, w;
                          ^
../src/main.c:1031:23: warning: unused variable 'v' [-Wunused-variable]
   signed short int i, v, w;
                       ^
../src/main.c:1030:25: warning: variable 'mult' set but not used [-Wunused-but-set-variable]
   double f, x, y, base, mult;
                         ^~~~
../src/main.c:1030:16: warning: unused variable 'y' [-Wunused-variable]
   double f, x, y, base, mult;
                ^
../src/main.c:1030:10: warning: variable 'f' set but not used [-Wunused-but-set-variable]
   double f, x, y, base, mult;
          ^
../src/main.c: In function 'fillTxPacketBuffer':
../src/main.c:183:25: warning: initialization makes pointer from integer without a cast [-Wint-conversion]
 #define TX_BUFFER_BASE  (MEM_BASE_ADDR + 0x00010000)
                         ^
../src/main.c:25701:20: note: in expansion of macro 'TX_BUFFER_BASE'
   u32 * TXbufPtr = TX_BUFFER_BASE;
                    ^~~~~~~~~~~~~~
../src/main.c:25701:9: warning: unused variable 'TXbufPtr' [-Wunused-variable]
   u32 * TXbufPtr = TX_BUFFER_BASE;
         ^~~~~~~~
../src/main.c:1103:7: warning: unused variable 'pattern4' [-Wunused-variable]
   u16 pattern4[4096];
       ^~~~~~~~
../src/main.c:1102:7: warning: unused variable 'pattern3' [-Wunused-variable]
   u16 pattern3[4096];
       ^~~~~~~~
../src/main.c:1101:7: warning: unused variable 'pattern2' [-Wunused-variable]
   u16 pattern2[4096];
       ^~~~~~~~
../src/main.c: In function 'sendDMApacket':
../src/main.c:25766:6: warning: unused variable 'Index' [-Wunused-variable]
  int Index;
      ^~~~~
../src/main.c: In function 'SaveData':
../src/main.c:25851:5: warning: variable 'Value' set but not used [-Wunused-but-set-variable]
  u8 Value;
     ^~~~~
../src/main.c: In function 'fill_testADC_results_array':
../src/main.c:27118:5: warning: unused variable 'firstSetup' [-Wunused-variable]
  u8 firstSetup = 1;
     ^~~~~~~~~~
At top level:
../src/main.c:1004:13: warning: 'fillTxPacketBufferSineWave' defined but not used [-Wunused-function]
 static void fillTxPacketBufferSineWave(int npoints, u8 *TxPacket){
             ^~~~~~~~~~~~~~~~~~~~~~~~~~
../src/main.c:783:12: warning: 'closeDMADevice' defined but not used [-Wunused-function]
 static int closeDMADevice(){
            ^~~~~~~~~~~~~~
../src/main.c:498:6: warning: 'setSPIControl' defined but not used [-Wunused-function]
 void setSPIControl(Xuint32 v){
      ^~~~~~~~~~~~~
../src/main.c:473:5: warning: 'setGyroTxFIFOLooping' defined but not used [-Wunused-function]
 int setGyroTxFIFOLooping(){
     ^~~~~~~~~~~~~~~~~~~~
../src/main.c:468:5: warning: 'resetGyroTxFIFOLooping' defined but not used [-Wunused-function]
 int resetGyroTxFIFOLooping(){
     ^~~~~~~~~~~~~~~~~~~~~~
../src/main.c: In function 'generateSineWave':
../src/main.c:1041:26: warning: 'x' may be used uninitialized in this function [-Wmaybe-uninitialized]
     emitDataToBuffer(i, x*((AMP)*1.0)+ (AMP*1.0));
                         ~^~~~~~~~~~~~
'Finished building: ../src/main.c'
' '
'Building target: axi4_gyro_test_0.elf'
'Invoking: ARM v7 gcc linker'
arm-none-eabi-gcc -mcpu=cortex-a9 -mfpu=vfpv3 -mfloat-abi=hard -Wl,-build-id=none -specs=Xilinx.spec -Wl,-T -Wl,../src/lscript.ld -L../../standalone_bsp_0/ps7_cortexa9_0/lib -o "axi4_gyro_test_0.elf"  ./src/main.o ./src/platform.o   -Wl,--start-group,-lxil,-lgcc,-lc,--end-group
'Finished building target: axi4_gyro_test_0.elf'
' '
'Invoking: ARM v7 Print Size'
arm-none-eabi-size axi4_gyro_test_0.elf  |tee "axi4_gyro_test_0.elf.size"
   text	   data	    bss	    dec	    hex	filename
 213132	   4344	  35664	 253140	  3dcd4	axi4_gyro_test_0.elf
'Finished building: axi4_gyro_test_0.elf.size'
' '
02:31:39 **** Incremental Build of configuration Debug for project axi4_gyro_test_0 ****
make pre-build main-build 
a9-linaro-pre-build-step
' '
make: Nothing to be done for `main-build'.
02:34:37 **** Incremental Build of configuration Debug for project axi4_gyro_test_0 ****
make pre-build main-build 
a9-linaro-pre-build-step
' '
make: Nothing to be done for `main-build'.
02:38:01 **** Incremental Build of configuration Debug for project axi4_gyro_test_0 ****
make pre-build main-build 
a9-linaro-pre-build-step
' '
make: Nothing to be done for `main-build'.
02:40:46 **** Incremental Build of configuration Debug for project axi4_gyro_test_0 ****
make pre-build main-build 
a9-linaro-pre-build-step
' '
make: Nothing to be done for `main-build'.
02:42:03 **** Incremental Build of configuration Debug for project axi4_gyro_test_0 ****
make pre-build main-build 
a9-linaro-pre-build-step
' '
make: Nothing to be done for `main-build'.
02:43:28 **** Incremental Build of configuration Debug for project axi4_gyro_test_0 ****
make pre-build main-build 
a9-linaro-pre-build-step
' '
make: Nothing to be done for `main-build'.
02:56:50 **** Incremental Build of configuration Debug for project axi4_gyro_test_0 ****
make pre-build main-build 
a9-linaro-pre-build-step
' '
make: Nothing to be done for `main-build'.
02:59:09 **** Incremental Build of configuration Debug for project axi4_gyro_test_0 ****
make pre-build main-build 
a9-linaro-pre-build-step
' '
make: Nothing to be done for `main-build'.
03:02:12 **** Incremental Build of configuration Debug for project axi4_gyro_test_0 ****
make pre-build main-build 
a9-linaro-pre-build-step
' '
make: Nothing to be done for `main-build'.
03:04:21 **** Incremental Build of configuration Debug for project axi4_gyro_test_0 ****
make pre-build main-build 
a9-linaro-pre-build-step
' '
make: Nothing to be done for `main-build'.
03:07:20 **** Incremental Build of configuration Debug for project axi4_gyro_test_0 ****
make pre-build main-build 
a9-linaro-pre-build-step
' '
make: Nothing to be done for `main-build'.
03:09:14 **** Incremental Build of configuration Debug for project axi4_gyro_test_0 ****
make pre-build main-build 
a9-linaro-pre-build-step
' '
make: Nothing to be done for `main-build'.
